15
13
76
33
37
106
-12
12
29
35
-3
32
5
19
37
13
19
205
3
12
74
8
1.5
5
16
7
5
9
35
32
64
6
225
4
25
18
11
2.66667
42
13
3
123
10
6
30
26
3
46
9
1.66667
52
28
3
80
9
3.33333
34
62
4
119
12
2.25
38
24
